BD
SET_METRIC
C
BEGIN_EINRICHTEPLAN_INFO
C
ZA,MM,18
MM,AT,1,  10,1,1,,'Maschine'                         ,,'',T
MM,AT,1,  20,1,1,,'Typ'                              ,,'',Z
MM,AT,1,  30,1,1,,'Steuerung'                        ,,'',T
MM,AT,1,  40,1,1,,'Variante'                         ,,'',Z
MM,AT,1,  50,1,1,,'Firma'                            ,,'',T
MM,AT,1,  60,1,1,,'Programmnummer (ohne P!)'         ,,'',T
MM,AT,1,  70,1,1,,'Bearbeiter'                       ,,'',T
MM,AT,1,  80,1,1,,'Datum'                            ,,'',T
MM,AT,1,  90,1,1,,'Auftragsname'                     ,,'',T
MM,AT,1, 100,1,1,,'Anzahl der Programmdurchlaeufe'   ,,'',Z
MM,AT,1, 110,1,1,,'Tafelname'                        ,,'',T
MM,AT,1, 120,1,1,,'Speicherbedarf'                   ,,'',Z
MM,AT,1, 130,1,1,,'Material-ID'                      ,,'',T
MM,AT,1, 140,1,1,,'Tafelgewicht'                     ,,'kg',Z
MM,AT,1, 150,1,1,,'Maschinenzeit'                    ,,'min',Z
MM,AT,1, 160,1,1,,'Bemerkung'                        ,,'',T
MM,AT,1, 170,1,1,,'Flag Automatisiert'               ,,'Bool',Z
MM,AT,1, 180,1,1,,'Flag ToPsxxx-Programm'            ,,'Bool',Z
C
ZA,DA,1
DA,'TC2000',1,'Bo Typ3',1,'Trumpf','1','USER','24.08.2022',
*  '',1,'C:\TTT\AAA.LST',9779,'St37-08',3.22,1.42,' ',1,1
C
ENDE_EINRICHTEPLAN_INFO
C
BEGIN_PTT
C
ZA,MM,13
MM,AT,1,  10,1,1,,'Tabellenidentifikator'            ,,'',T
MM,AT,1,  20,1,1,,'GEWIRO Drehzahl'                  ,,'1/min',Z
MM,AT,1,  30,1,1,,'GEWIRO Schmierbehaelter Nr.'      ,,'',Z
MM,AT,1,  40,1,1,,'GEWIRO Anzahl Schmierimpulse'     ,,'',Z
MM,AT,1,  50,1,1,,'Softpunch'                        ,,'Bool',Z
MM,AT,1,  60,1,1,,'OT-Offset'                        ,,'mm',Z
MM,AT,1,  70,1,1,,'UT-Offset'                        ,,'mm',Z
MM,AT,1,  80,1,1,,'Arbeitslage'                      ,,'',Z
MM,AT,1,  90,1,1,,'TRUMPF-Kennung'                   ,,'',Z
MM,AT,1, 100,1,1,,'Anz.C-Achsen Drehung'             ,,'1/min',Z
MM,AT,1, 110,1,1,,'Tabellenart (Werkzeugtyp)'        ,,'',Z
MM,AT,1, 120,1,1,,'Vorschub'                         ,,'m/min',Z
MM,AT,1, 130,1,1,,'Stangendruck Abstreifer'          ,,'Bool',Z
C
ZA,DA,4
DA,'PTT-1',0,0,0,0,0.000,0.000,0,1,0.00,1,0.00,0
DA,'PTT-2',0,0,0,0,0.000,0.000,0,1,0.00,3,0.00,0
DA,'PTT-3',0,0,0,0,0.000,0.000,0,1,0.00,4,0.00,0
DA,'PTT-4',0,0,0,0,0.000,0.000,0,1,0.00,4,0.00,0
C
ENDE_PTT
C
BEGIN_SHEET_TECH
C
ZA,MM,24
MM,AT,1,  10,1,1,,'Tabellenidentifikator'            ,,'',T
MM,AT,1,  20,1,1,,'Blechmass X'                      ,,'mm',Z
MM,AT,1,  30,1,1,,'Blechmass Y'                      ,,'mm',Z
MM,AT,1,  40,1,1,,'Blechmass Z'                      ,,'mm',Z
MM,AT,1,  50,1,1,,'Blechtyp'                         ,,'',Z
MM,AT,1,  60,1,1,,'Blechdickenoffset'                ,,'mm',Z
MM,AT,1,  70,1,1,,'kratzerarm'                       ,,'Bool',Z
MM,AT,1,  80,1,1,,'Material-ID'                      ,,'',T
MM,AT,1,  90,1,1,,'Anzahl Pratzen'                   ,,'',Z
MM,AT,1, 100,1,1,,'Magazinplatz Pratze 1'            ,,'',Z
MM,AT,1, 110,1,1,,'Magazinplatz Pratze 2'            ,,'',Z
MM,AT,1, 120,1,1,,'Magazinplatz Pratze 3'            ,,'',Z
MM,AT,1, 130,1,1,,'Magazinplatz Pratze 4'            ,,'',Z
MM,AT,1, 140,1,1,,'Beschleunigung X'                 ,,'m/s2',Z
MM,AT,1, 150,1,1,,'Beschleunigung Y'                 ,,'m/s2',Z
MM,AT,1, 160,1,1,,'Magazinplatz Pratze 5'            ,,'',Z
MM,AT,1, 170,1,1,,'Magazinplatz Pratze 6'            ,,'',Z
MM,AT,1, 180,1,1,,'1.vom Blech ueberd.Steckplatz'    ,,'',Z
MM,AT,1, 190,1,1,,'letzter ueberdeckt.Steckplatz'    ,,'',Z
MM,AT,1, 200,1,1,,'TRUMPF-Kennung'                   ,,'',Z
MM,AT,1, 210,1,1,,'Bearbeitung zwischen Pratzen'     ,,'',Z
MM,AT,1, 220,1,1,,'Blechmass X real'                 ,,'mm',Z
MM,AT,1, 230,1,1,,'Blechmass Y real'                 ,,'mm',Z
MM,AT,1, 240,1,1,,'Materialkennung'                  ,,'',T
C
ZA,DA,1
DA,'SHT-1',407,1250,0.80,0,0.00,0,0,2,7,9,0,0,100,93,0,0,7,
*  9,1,-1,407,1250,'St37-08'
C
ENDE_SHEET_TECH
C
BEGIN_SHEET_LOAD
C
ZA,MM,20
MM,AT,1,  10,1,1,,'Tabellenidentifikator'            ,,'',T
MM,AT,1,  20,1,1,,'Beladeposition X'                 ,,'mm',Z
MM,AT,1,  30,1,1,,'Beladeposition Y'                 ,,'mm',Z
MM,AT,1,  40,1,1,,'Vorschub zur Beladeposition'      ,,'m/min',Z
MM,AT,1,  50,1,1,,'Verrechnung Multitoolversatz'     ,,'Bool',Z
MM,AT,1,  60,1,1,,'Trigger Material beladen UB'      ,,'',Z
MM,AT,1,  70,1,1,,'TRUMPF-Kennung'                   ,,'',Z
MM,AT,1, 500,1,1,,'Beladegeraet'                     ,,'',Z
MM,AT,1, 510,1,1,,'Lift Offset x Beladestapel'       ,,'mm',Z
MM,AT,1, 520,1,1,,'Lift Saugergruppe 1'              ,,'',Z
MM,AT,1, 530,1,1,,'Lift Saugergruppe 2'              ,,'',Z
MM,AT,1, 540,1,1,,'Lift Saugergruppe 3'              ,,'',Z
MM,AT,1, 550,1,1,,'Lift Saugergruppe 4'              ,,'',Z
MM,AT,1, 560,1,1,,'Lift Saugergruppe 5'              ,,'',Z
MM,AT,1, 570,1,1,,'Lift Drehpunktsauger'             ,,'',Z
MM,AT,1, 580,1,1,,'Lift Doppelblechdet aktiv'        ,,'Bool',Z
MM,AT,1, 590,1,1,,'Lift abschaelen'                  ,,'Bool',Z
MM,AT,1, 600,1,1,,'Lift Geschwindigkeit'             ,,'%',Z
MM,AT,1, 610,1,1,,'Lift Beschleunigung'              ,,'%',Z
MM,AT,1, 710,1,1,,'Anschlagstift'                    ,,'',Z
C
ZA,DA,1
DA,'SHL-1',-20.000,140.010,108.167,0,0,1,1,0.00,0,0,0,0,0,0,
*  0,0,0.00,0.00,2
C
ENDE_SHEET_LOAD
C
BEGIN_SHEET_UNLOAD
C
ZA,MM,68
MM,AT,1,  10,1,1,,'Tabellenidentifikator'            ,,'',T
MM,AT,1,  20,1,1,,'Entladeposition X'                ,,'mm',Z
MM,AT,1,  30,1,1,,'Entladeposition Y'                ,,'mm',Z
MM,AT,1,  40,1,1,,'Vorschub zur Entladeposition'     ,,'m/min',Z
MM,AT,1,  50,1,1,,'Verrechnung Multitoolversatz'     ,,'Bool',Z
MM,AT,1,  60,1,1,,'Trigger Material entladen UB'     ,,'',Z
MM,AT,1,  70,1,1,,'TRUMPF-Kennung'                   ,,'',Z
MM,AT,1, 200,1,1,,'Huellgemetrie X'                  ,,'mm',Z
MM,AT,1, 210,1,1,,'Huellgemetrie Y'                  ,,'mm',Z
MM,AT,1, 220,1,1,,'Offset X'                         ,,'mm',Z
MM,AT,1, 230,1,1,,'Schiebeweg zurueckfahren'         ,,'Bool',Z
MM,AT,1, 240,1,1,,'Ausschiebeweg X'                  ,,'mm',Z
MM,AT,1, 250,1,1,,'Ausschiebeweg Y'                  ,,'mm',Z
MM,AT,1, 260,1,1,,'Ausschiebevorschub'               ,,'m/min',Z
MM,AT,1, 270,1,1,,'mit Lichtschrankenueberwachung'   ,,'Bool',Z
MM,AT,1, 280,1,1,,'mit Blasluftunterstuetzung'       ,,'Bool',Z
MM,AT,1, 290,1,1,,'mit definierter Klappe'           ,,'',Z
MM,AT,1, 300,1,1,,'Klappe auf (0)/ zu (1)'           ,,'',Z
MM,AT,1, 310,1,1,,'HOELA fahren nach Trennen'        ,,'Bool',Z
MM,AT,1, 500,1,1,,'Pratzen alle'                     ,,'Bool',Z
MM,AT,1, 510,1,1,,'Pratze 1'                         ,,'Bool',Z
MM,AT,1, 520,1,1,,'Pratze 2'                         ,,'Bool',Z
MM,AT,1, 530,1,1,,'Pratze 3'                         ,,'Bool',Z
MM,AT,1, 540,1,1,,'Pratze 4'                         ,,'Bool',Z
MM,AT,1, 550,1,1,,'Pratze 5'                         ,,'Bool',Z
MM,AT,1, 560,1,1,,'Pratze 6'                         ,,'Bool',Z
MM,AT,1, 570,1,1,,'Kuebel Ablageort'                 ,,'',Z
MM,AT,1, 580,1,1,,'Entladegeraet'                    ,,'',Z
MM,AT,1, 590,1,1,,'LIFT_ENTNAHMEPOS'                 ,,'mm',Z
MM,AT,1, 600,1,1,,'LIFT_ABLEGEORT'                   ,,'',Z
MM,AT,1, 610,1,1,,'LIFT_OFFSET_IN_X'                 ,,'mm',Z
MM,AT,1, 620,1,1,,'SORT_OFFSET_IN_Y'                 ,,'mm',Z
MM,AT,1, 630,1,1,,'LIFT_MATERIALDICKE_ABLEGEN'       ,,'mm',Z
MM,AT,1, 640,1,1,,'LIFT_SAUGERGRUPPE_1'              ,,'',Z
MM,AT,1, 650,1,1,,'LIFT_SAUGERGRUPPE_2'              ,,'',Z
MM,AT,1, 660,1,1,,'LIFT_SAUGERGRUPPE_3'              ,,'',Z
MM,AT,1, 670,1,1,,'LIFT_SAUGERGRUPPE_4'              ,,'',Z
MM,AT,1, 680,1,1,,'LIFT_SAUGERGRUPPE_5'              ,,'',Z
MM,AT,1, 690,1,1,,'LIFT_GESCHW_LIFT'                 ,,'%',Z
MM,AT,1, 700,1,1,,'LIFT_BESCHL_LIFT'                 ,,'%',Z
MM,AT,1, 710,1,1,,'LIFT_GESCHW_SORT'                 ,,'%',Z
MM,AT,1, 720,1,1,,'LIFT_BESCHL_SORT'                 ,,'%',Z
MM,AT,1, 730,1,1,,'LZYKL_T_ABLEGEN'                  ,,'Bool',Z
MM,AT,1, 740,1,1,,'LZYKL_T_AUS_PRATZEN_ENTL_ABL'     ,,'Bool',Z
MM,AT,1, 750,1,1,,'LZYKL_T_VON_OBEN_ABWERFEN'        ,,'Bool',Z
MM,AT,1, 760,1,1,,'LZYKL_T_AUS_H_BL_ST_VOLL_ABWRF'   ,,'Bool',Z
MM,AT,1, 770,1,1,,'LZYKL_T_V_OB_UNTER_LI_TI_ABWRF'   ,,'Bool',Z
MM,AT,1, 820,1,1,,'Zurueckfahren nach Ausschieben'   ,,'Bool',T
MM,AT,1,1000,1,1,,'Wurzeltabelle'                    ,,'',T
MM,AT,1,1010,1,1,,'Aussenkonturdatei'                ,,'',T
MM,AT,1,1020,1,1,,'Stapelgut'                        ,,'',Z
MM,AT,1,1030,1,1,,'Zeichnungsnummer'                 ,,'',T
MM,AT,1,1040,1,1,,'Vorg Ablegehoehe'                 ,,'mm',Z
MM,AT,1,1050,1,1,,'Vorg Ablegeart'                   ,,'',Z
MM,AT,1,1060,1,1,,'Vorg Ensorgegeraet'               ,,'',Z
MM,AT,1,1070,1,1,,'umschreibendes Rechteck x'        ,,'mm',Z
MM,AT,1,1080,1,1,,'umschreibendes Rechteck y'        ,,'mm',Z
MM,AT,1,1090,1,1,,'Vorg Stapeldicke'                 ,,'mm',Z
MM,AT,1,1100,1,1,,'Vorg Stapelhoehe max'             ,,'mm',Z
MM,AT,1,1110,1,1,,'Vorg Messteilfrequenz'            ,,'',Z
MM,AT,1,1120,1,1,,'Vorg Stueckzahl pro Stapel'       ,,'',Z
MM,AT,1,1130,1,1,,'Vorg Palettenoffset x'            ,,'mm',Z
MM,AT,1,1140,1,1,,'Vorg Palettenoffset y'            ,,'mm',Z
MM,AT,1,1150,1,1,,'Vorg Entsorgeeinheit Nr'          ,,'',Z
MM,AT,1,1160,1,1,,'Offset x Saugerrahmen Teil'       ,,'mm',Z
MM,AT,1,1170,1,1,,'Offset y Saugerrahmen Teil'       ,,'mm',Z
MM,AT,1,1180,1,1,,'Zeichnungsname'                   ,,'',T
MM,AT,1,1190,1,1,,'ZeichnungsFileName'               ,,'',T
C
ZA,DA,1
DA,'SHU-1',-20.000,140.010,108.167,0,0,1,0.0,0.0,0.0,1,
*  0.000,0.000,0.000,0,0,0,0,0,1,0,0,0,0,0,0,0,1,0.000,0,
*  0.000,0.000,0.000,0,0,0,0,0,0.00,0.00,50.00,50.00,0,0,0,
*  0,0,1,' ',' ',0,'',0,0,0,0,0,0,0,0,0,0,0,0,0,0,'',''
C
ENDE_SHEET_UNLOAD
C
BEGIN_WZG_CALLS
C
ZA,MM,2
MM,AT,1,  10,1,1,,'Werkzeugidentnummer'              ,,'',T
MM,AT,1,  20,1,1,,'Werkzeugaufrufnummer'             ,,'',Z
C
ZA,DA,4
DA,'01100000',1
DA,'03100001',2
DA,'04370050',3
DA,'04762050',4
C
ENDE_WZG_CALLS
C
BEGIN_PROGRAMM
C
ZA,MM,4
MM,AT,1,  10,1,1,,'Programmnummer'                   ,,'',T
MM,AT,1,  20,1,1,,'Programmtyp'                      ,,'',T
MM,AT,1,  30,1,1,,'Bemerkung'                        ,,'',T
MM,AT,1,  40,1,1,,'Bearbeitungszeit'                 ,,'min',Z
C
ZA,DA,13
DA,'L10000001','UP','GTA',
START_TEXT
N10MSG("SUBROUTINE NUMBER,P10000001")
N20MSG("RECHTECK 37X5")
N30G91
N40PUNCH_ON
N50X0Y0C1=DC(0)
N60PUNCH_OFF
N70F108167
N80X-30.432Y-114.771C1=DC(300)
N90NIBBLE_ON
N100SPP=35
N110X7.538Y-13.056
N120NIBBLE_OFF
N130X7.979Y-6.5C1=DC(300)
N140NIBBLE_ON
N150SPP=35
N160X-11.29Y19.556
N170NIBBLE_OFF
N180X-6.604Y-30.229C1=DC(180)
N190NIBBLE_ON
N200SPP=35
N210X-21.691
N220NIBBLE_OFF
N230Y-15C1=DC(180)
N240NIBBLE_ON
N250SPP=35
N260X21.691
N270NIBBLE_OFF
N280X9.915Y-17.173C1=DC(240)
N290NIBBLE_ON
N300SPP=35
N310X-7.538Y-13.056
N320NIBBLE_OFF
N330X4.227C1=DC(240)
N340NIBBLE_ON
N350SPP=35
N360X11.29Y19.556
N370NIBBLE_OFF
N380PUNCH_ON
N390X14.915Y-134.327C1=DC(180)
N400PUNCH_OFF
N410G90M17
STOP_TEXT
DA,'L20000001','UP','GTA',
START_TEXT
N10MSG("SUBROUTINE NUMBER,P20000001")
N20MSG("RECHTECK 37X5")
N30G91
N40PUNCH_ON
N50X0Y0C1=DC(0)
N60PUNCH_OFF
N70F108167
N80X-30.432Y-114.771C1=DC(300)
N90NIBBLE_ON
N100SPP=35
N110X7.538Y-13.056
N120NIBBLE_OFF
N130X7.979Y-6.5C1=DC(300)
N140NIBBLE_ON
N150SPP=35
N160X-11.29Y19.556
N170NIBBLE_OFF
N180X-6.604Y-30.229C1=DC(180)
N190NIBBLE_ON
N200SPP=35
N210X-21.691
N220NIBBLE_OFF
N230Y-15C1=DC(180)
N240NIBBLE_ON
N250SPP=35
N260X21.691
N270NIBBLE_OFF
N280X9.915Y-17.173C1=DC(240)
N290NIBBLE_ON
N300SPP=35
N310X-7.538Y-13.056
N320NIBBLE_OFF
N330X4.227C1=DC(240)
N340NIBBLE_ON
N350SPP=35
N360X11.29Y19.556
N370NIBBLE_OFF
N380PUNCH_ON
N390X14.915Y-134.327C1=DC(180)
N400PUNCH_OFF
N410G90M17
STOP_TEXT
DA,'L30000001','UP','GTA',
START_TEXT
N10MSG("SUBROUTINE NUMBER,P30000001")
N20MSG("RECHTECK 37X5")
N30G91
N40PUNCH_ON
N50X0Y0C1=DC(0)
N60PUNCH_OFF
N70F108167
N80X-30.432Y-114.771C1=DC(300)
N90NIBBLE_ON
N100SPP=35
N110X7.538Y-13.056
N120NIBBLE_OFF
N130X7.979Y-6.5C1=DC(300)
N140NIBBLE_ON
N150SPP=35
N160X-11.29Y19.556
N170NIBBLE_OFF
N180X-6.604Y-30.229C1=DC(180)
N190NIBBLE_ON
N200SPP=35
N210X-21.691
N220NIBBLE_OFF
N230Y-15C1=DC(180)
N240NIBBLE_ON
N250SPP=35
N260X21.691
N270NIBBLE_OFF
N280X9.915Y-17.173C1=DC(240)
N290NIBBLE_ON
N300SPP=35
N310X-7.538Y-13.056
N320NIBBLE_OFF
N330X4.227C1=DC(240)
N340NIBBLE_ON
N350SPP=35
N360X11.29Y19.556
N370NIBBLE_OFF
N380PUNCH_ON
N390X14.915Y-134.327C1=DC(180)
N400PUNCH_OFF
N410G90M17
STOP_TEXT
DA,'L40000001','UP','GTA',
START_TEXT
N10MSG("SUBROUTINE NUMBER,P40000001")
N20MSG("RECHTECK 37X5")
N30G91
N40PUNCH_ON
N50X0Y0C1=DC(0)
N60PUNCH_OFF
N70F108167
N80X-30.432Y-114.771C1=DC(300)
N90NIBBLE_ON
N100SPP=35
N110X7.538Y-13.056
N120NIBBLE_OFF
N130X7.979Y-6.5C1=DC(300)
N140NIBBLE_ON
N150SPP=35
N160X-11.29Y19.556
N170NIBBLE_OFF
N180X-6.604Y-30.229C1=DC(180)
N190NIBBLE_ON
N200SPP=35
N210X-21.691
N220NIBBLE_OFF
N230Y-15C1=DC(180)
N240NIBBLE_ON
N250SPP=35
N260X21.691
N270NIBBLE_OFF
N280X9.915Y-17.173C1=DC(240)
N290NIBBLE_ON
N300SPP=35
N310X-7.538Y-13.056
N320NIBBLE_OFF
N330X4.227C1=DC(240)
N340NIBBLE_ON
N350SPP=35
N360X11.29Y19.556
N370NIBBLE_OFF
N380PUNCH_ON
N390X14.915Y-134.327C1=DC(180)
N400PUNCH_OFF
N410G90M17
STOP_TEXT
DA,'L50000001','UP','GTA',
START_TEXT
N10MSG("SUBROUTINE NUMBER,P50000001")
N20MSG("RECHTECK 37X5")
N30G91
N40PUNCH_ON
N50X0Y0C1=DC(0)
N60PUNCH_OFF
N70F108167
N80X-30.432Y-114.771C1=DC(300)
N90NIBBLE_ON
N100SPP=35
N110X7.538Y-13.056
N120NIBBLE_OFF
N130X7.979Y-6.5C1=DC(300)
N140NIBBLE_ON
N150SPP=35
N160X-11.29Y19.556
N170NIBBLE_OFF
N180X-6.604Y-30.229C1=DC(180)
N190NIBBLE_ON
N200SPP=35
N210X-21.691
N220NIBBLE_OFF
N230Y-15C1=DC(180)
N240NIBBLE_ON
N250SPP=35
N260X21.691
N270NIBBLE_OFF
N280X9.915Y-17.173C1=DC(240)
N290NIBBLE_ON
N300SPP=35
N310X-7.538Y-13.056
N320NIBBLE_OFF
N330X4.227C1=DC(240)
N340NIBBLE_ON
N350SPP=35
N360X11.29Y19.556
N370NIBBLE_OFF
N380PUNCH_ON
N390X14.915Y-134.327C1=DC(180)
N400PUNCH_OFF
N410G90M17
STOP_TEXT
DA,'L60000001','UP','GTA',
START_TEXT
N10MSG("SUBROUTINE NUMBER,P60000001")
N20MSG("RECHTECK 37X5")
N30G91
N40PUNCH_ON
N50X0Y0C1=DC(0)
N60PUNCH_OFF
N70F108167
N80X-30.432Y-114.771C1=DC(300)
N90NIBBLE_ON
N100SPP=35
N110X7.538Y-13.056
N120NIBBLE_OFF
N130X7.979Y-6.5C1=DC(300)
N140NIBBLE_ON
N150SPP=35
N160X-11.29Y19.556
N170NIBBLE_OFF
N180X-6.604Y-30.229C1=DC(180)
N190NIBBLE_ON
N200SPP=35
N210X-21.691
N220NIBBLE_OFF
N230Y-15C1=DC(180)
N240NIBBLE_ON
N250SPP=35
N260X21.691
N270NIBBLE_OFF
N280X9.915Y-17.173C1=DC(240)
N290NIBBLE_ON
N300SPP=35
N310X-7.538Y-13.056
N320NIBBLE_OFF
N330X4.227C1=DC(240)
N340NIBBLE_ON
N350SPP=35
N360X11.29Y19.556
N370NIBBLE_OFF
N380PUNCH_ON
N390X14.915Y-134.327C1=DC(180)
N400PUNCH_OFF
N410G90M17
STOP_TEXT
DA,'L70000001','UP','GTA',
START_TEXT
N10MSG("SUBROUTINE NUMBER,P70000001")
N20MSG("RECHTECK 76.2X5")
N30G91
N40PUNCH_ON
N50X0Y0C1=DC(0)
N60X-24.4Y-37.5C1=DC(90)
N70PUNCH_OFF
N80F108167
N90X85Y69.9C1=DC(90)
N100NIBBLE_ON
N110SPP=74.2
N120Y-229.8
N130NIBBLE_OFF
N140PUNCH_ON
N150X-25Y-3.2
N160X-35.6Y35.6C1=DC(180)
N170X-24.4Y37.5C1=DC(270)
N180X60Y163.1
N190PUNCH_OFF
N200G90M17
STOP_TEXT
DA,'L80000001','UP','GTA',
START_TEXT
N10MSG("SUBROUTINE NUMBER,P80000001")
N20MSG("RECHTECK 76.2X5")
N30G91
N40PUNCH_ON
N50X0Y0C1=DC(0)
N60X-24.4Y-37.5C1=DC(90)
N70PUNCH_OFF
N80F108167
N90X85Y69.9C1=DC(90)
N100NIBBLE_ON
N110SPP=74.2
N120Y-229.8
N130NIBBLE_OFF
N140PUNCH_ON
N150X-25Y-3.2
N160X-35.6Y35.6C1=DC(180)
N170X-24.4Y37.5C1=DC(270)
N180X60Y163.1
N190PUNCH_OFF
N200G90M17
STOP_TEXT
DA,'L90000001','UP','GTA',
START_TEXT
N10MSG("SUBROUTINE NUMBER,P90000001")
N20MSG("RECHTECK 76.2X5")
N30G91
N40PUNCH_ON
N50X0Y0C1=DC(0)
N60X-24.4Y-37.5C1=DC(90)
N70PUNCH_OFF
N80F108167
N90X85Y69.9C1=DC(90)
N100NIBBLE_ON
N110SPP=74.2
N120Y-229.8
N130NIBBLE_OFF
N140PUNCH_ON
N150X-25Y-3.2
N160X-35.6Y35.6C1=DC(180)
N170X-24.4Y37.5C1=DC(270)
N180X60Y163.1
N190PUNCH_OFF
N200G90M17
STOP_TEXT
DA,'L100000001','UP','GTA',
START_TEXT
N10MSG("SUBROUTINE NUMBER,P100000001")
N20MSG("RECHTECK 76.2X5")
N30G91
N40PUNCH_ON
N50X0Y0C1=DC(0)
N60X-24.4Y-37.5C1=DC(90)
N70PUNCH_OFF
N80F108167
N90X85Y69.9C1=DC(90)
N100NIBBLE_ON
N110SPP=74.2
N120Y-229.8
N130NIBBLE_OFF
N140PUNCH_ON
N150X-25Y-3.2
N160X-35.6Y35.6C1=DC(180)
N170X-24.4Y37.5C1=DC(270)
N180X60Y163.1
N190PUNCH_OFF
N200G90M17
STOP_TEXT
DA,'L110000001','UP','GTA',
START_TEXT
N10MSG("SUBROUTINE NUMBER,P110000001")
N20MSG("RECHTECK 76.2X5")
N30G91
N40PUNCH_ON
N50X0Y0C1=DC(0)
N60X-24.4Y-37.5C1=DC(90)
N70PUNCH_OFF
N80F108167
N90X85Y69.9C1=DC(90)
N100NIBBLE_ON
N110SPP=74.2
N120Y-229.8
N130NIBBLE_OFF
N140PUNCH_ON
N150X-25Y-3.2
N160X-35.6Y35.6C1=DC(180)
N170X-24.4Y37.5C1=DC(270)
N180X60Y163.1
N190PUNCH_OFF
N200G90M17
STOP_TEXT
DA,'L120000001','UP','GTA',
START_TEXT
N10MSG("SUBROUTINE NUMBER,P120000001")
N20MSG("RECHTECK 76.2X5")
N30G91
N40PUNCH_ON
N50X0Y0C1=DC(0)
N60X-24.4Y-37.5C1=DC(90)
N70PUNCH_OFF
N80F108167
N90X85Y69.9C1=DC(90)
N100NIBBLE_ON
N110SPP=74.2
N120Y-229.8
N130NIBBLE_OFF
N140PUNCH_ON
N150X-25Y-3.2
N160X-35.6Y35.6C1=DC(180)
N170X-24.4Y37.5C1=DC(270)
N180X60Y163.1
N190PUNCH_OFF
N200G90M17
STOP_TEXT
DA,'1','HP','GTA',
START_TEXT
N10MSG("MAIN PROGRAMME NUMBER,P1" )
N20MSG("DIMENSIONS OF SHEET: 0.80 X 407 X 1250 ")
N30MSG("MATERIAL ID: ST37-08 ")
N40;(V:3.03#B:311.0#D:19991108#P:TOPS300_EXE)
N50;(V:3.7#B:254.0#D:19991220#P:TOPS300_ACCESS20)
N60;(FILE NAME:C:\TTT\AAA.LST)
N70;(TRANSFERNAME:P1.LST PROGRAMME RUNS:1)
N80;(MACHINE:TC2000 TYPE:1)
N90;(CONTROL:BO TYP3 VERSION:1)
N100MSG(" *** RUND 10--10.00 *** ")
N110MSG(" *** SQUARE 10.0--10.00 *** ")
N120MSG(" *** RECHTECK 37X5--37.00--5.00 *** ")
N130MSG(" *** RECHTECK 76.2X5--76.20--5.00 *** ")
N140TRAILON(C2,C1)
N150G71
N160G01F108167
N170TC_POS_ACCEL(12.0,5.6,11.7,3.5)
N180TC_CLAMP_CYC
N190MSG("ZERO POINT 715 0" )
N200MSG("LOAD SHEET ")
N210TC_SHEET_TECH("SHT-1")
N220;TC_TECHNO_MODE(1)
N230;GOTOF ENTRY_PUNCH
N240TC_SHEET_LOAD("SHL-1")
N250;ENTRY_PUNCH:
N260MSG("WZG ROUND,X=10.00")
N270TC_TOOL_NO ("01100000")
N280TC_TOOL_CHANGE
N290TC_SUCTION_ON
N300TC_TOOL_TECH("PTT-1")
N310PUNCH_ON
N320X1015.441Y578.862C1=DC(0)
N330X861.417Y422.393
N340PUNCH_OFF
N350;ENTRY_PUNCH:
N360MSG("WZG SQUARE,X=10.00")
N370TC_TOOL_NO ("03100001")
N380TC_TOOL_CHANGE
N390TC_SUCTION_ON
N400TC_TOOL_TECH("PTT-2")
N410X924.06Y784.74C1=DC(0)
N420NIBBLE_ON
N430SPP=8
N440Y782.74
N450NIBBLE_OFF
N460X802.997Y777.619C1=DC(0)
N470NIBBLE_ON
N480SPP=8
N490Y775.619
N500NIBBLE_OFF
N510X1047.497Y765.75C1=DC(0)
N520NIBBLE_ON
N530SPP=8
N540Y763.75
N550NIBBLE_OFF
N560PUNCH_ON
N570X861.417Y586.197
N580X1017.886Y417.504
N590PUNCH_OFF
N600X810.118Y274.374C1=DC(0)
N610NIBBLE_ON
N620SPP=8
N630Y272.374
N640NIBBLE_OFF
N650X1049.871Y272C1=DC(0)
N660NIBBLE_ON
N670SPP=8
N680Y270
N690NIBBLE_OFF
N700X912.191Y269.626C1=DC(0)
N710NIBBLE_ON
N720SPP=8
N730Y267.626
N740NIBBLE_OFF
N750;ENTRY_PUNCH:
N760MSG("WZG RECTANGLE,X=37.00,Y=5.00")
N770TC_TOOL_NO ("04370050")
N780TC_TOOL_CHANGE
N790TC_SUCTION_ON
N800TC_TOOL_TECH("PTT-3")
N810X929.06Y936.24
N820L10000001
N830X807.997Y929.119
N840L20000001
N850X1052.497Y917.25
N860L30000001
N870X815.118Y425.874
N880L40000001
N890X1054.871Y423.5
N900L50000001
N910X917.191Y421.126
N920L60000001
N930;ENTRY_PUNCH:
N940MSG("WZG RECTANGLE,X=76.20,Y=5.00")
N950TC_TOOL_NO ("04762050")
N960TC_TOOL_CHANGE
N970TC_SUCTION_ON
N980TC_TOOL_TECH("PTT-4")
N990X880.96Y866.24
N1000L70000001
N1010X759.897Y859.119
N1020L80000001
N1030X1004.397Y847.25
N1040L90000001
N1050X767.018Y355.874
N1060L100000001
N1070X1006.771Y353.5
N1080L110000001
N1090X869.091Y351.126
N1100L120000001
N1110TC_SUCTION_OFF
N1120TC_SHEET_UNLOAD("SHU-1")
N1130M30
STOP_TEXT
ENDE_PROGRAMM
ED


