BD
SET_METRIC
C
BEGIN_EINRICHTEPLAN_INFO
C
ZA,MM,18
MM,AT,1,  10,1,1,,'Maschine'                         ,,'',T
MM,AT,1,  20,1,1,,'Typ'                              ,,'',Z
MM,AT,1,  30,1,1,,'Steuerung'                        ,,'',T
MM,AT,1,  40,1,1,,'Variante'                         ,,'',Z
MM,AT,1,  50,1,1,,'Firma'                            ,,'',T
MM,AT,1,  60,1,1,,'Programmnummer (ohne P!)'         ,,'',T
MM,AT,1,  70,1,1,,'Bearbeiter'                       ,,'',T
MM,AT,1,  80,1,1,,'Datum'                            ,,'',T
MM,AT,1,  90,1,1,,'Auftragsname'                     ,,'',T
MM,AT,1, 100,1,1,,'Anzahl der Programmdurchlaeufe'   ,,'',Z
MM,AT,1, 110,1,1,,'Tafelname'                        ,,'',T
MM,AT,1, 120,1,1,,'Speicherbedarf'                   ,,'',Z
MM,AT,1, 130,1,1,,'Material-ID'                      ,,'',T
MM,AT,1, 140,1,1,,'Tafelgewicht'                     ,,'kg',Z
MM,AT,1, 150,1,1,,'Maschinenzeit'                    ,,'min',Z
MM,AT,1, 160,1,1,,'Bemerkung'                        ,,'',T
MM,AT,1, 170,1,1,,'Flag Automatisiert'               ,,'Bool',Z
MM,AT,1, 180,1,1,,'Flag ToPsxxx-Programm'            ,,'Bool',Z
C
ZA,DA,1
DA,'TC2000',1,'Bo Typ3',1,'Trumpf','254','USER',
*  '13.09.2022','',1,'C:\USERPROGRAMS\TEST4.LST',1716,
*  'St37-10',2.47,0.62,' ',1,1
C
ENDE_EINRICHTEPLAN_INFO
C
BEGIN_PTT
C
ZA,MM,13
MM,AT,1,  10,1,1,,'Tabellenidentifikator'            ,,'',T
MM,AT,1,  20,1,1,,'GEWIRO Drehzahl'                  ,,'1/min',Z
MM,AT,1,  30,1,1,,'GEWIRO Schmierbehaelter Nr.'      ,,'',Z
MM,AT,1,  40,1,1,,'GEWIRO Anzahl Schmierimpulse'     ,,'',Z
MM,AT,1,  50,1,1,,'Softpunch'                        ,,'Bool',Z
MM,AT,1,  60,1,1,,'OT-Offset'                        ,,'mm',Z
MM,AT,1,  70,1,1,,'UT-Offset'                        ,,'mm',Z
MM,AT,1,  80,1,1,,'Arbeitslage'                      ,,'',Z
MM,AT,1,  90,1,1,,'TRUMPF-Kennung'                   ,,'',Z
MM,AT,1, 100,1,1,,'Anz.C-Achsen Drehung'             ,,'1/min',Z
MM,AT,1, 110,1,1,,'Tabellenart (Werkzeugtyp)'        ,,'',Z
MM,AT,1, 120,1,1,,'Vorschub'                         ,,'m/min',Z
MM,AT,1, 130,1,1,,'Stangendruck Abstreifer'          ,,'Bool',Z
C
ZA,DA,1
DA,'PTT-1',0,0,0,0,0.000,0.000,0,1,0.00,4,0.00,0
C
ENDE_PTT
C
BEGIN_SHEET_TECH
C
ZA,MM,24
MM,AT,1,  10,1,1,,'Tabellenidentifikator'            ,,'',T
MM,AT,1,  20,1,1,,'Blechmass X'                      ,,'mm',Z
MM,AT,1,  30,1,1,,'Blechmass Y'                      ,,'mm',Z
MM,AT,1,  40,1,1,,'Blechmass Z'                      ,,'mm',Z
MM,AT,1,  50,1,1,,'Blechtyp'                         ,,'',Z
MM,AT,1,  60,1,1,,'Blechdickenoffset'                ,,'mm',Z
MM,AT,1,  70,1,1,,'kratzerarm'                       ,,'Bool',Z
MM,AT,1,  80,1,1,,'Material-ID'                      ,,'',T
MM,AT,1,  90,1,1,,'Anzahl Pratzen'                   ,,'',Z
MM,AT,1, 100,1,1,,'Magazinplatz Pratze 1'            ,,'',Z
MM,AT,1, 110,1,1,,'Magazinplatz Pratze 2'            ,,'',Z
MM,AT,1, 120,1,1,,'Magazinplatz Pratze 3'            ,,'',Z
MM,AT,1, 130,1,1,,'Magazinplatz Pratze 4'            ,,'',Z
MM,AT,1, 140,1,1,,'Beschleunigung X'                 ,,'m/s2',Z
MM,AT,1, 150,1,1,,'Beschleunigung Y'                 ,,'m/s2',Z
MM,AT,1, 160,1,1,,'Magazinplatz Pratze 5'            ,,'',Z
MM,AT,1, 170,1,1,,'Magazinplatz Pratze 6'            ,,'',Z
MM,AT,1, 180,1,1,,'1.vom Blech ueberd.Steckplatz'    ,,'',Z
MM,AT,1, 190,1,1,,'letzter ueberdeckt.Steckplatz'    ,,'',Z
MM,AT,1, 200,1,1,,'TRUMPF-Kennung'                   ,,'',Z
MM,AT,1, 210,1,1,,'Bearbeitung zwischen Pratzen'     ,,'',Z
MM,AT,1, 220,1,1,,'Blechmass X real'                 ,,'mm',Z
MM,AT,1, 230,1,1,,'Blechmass Y real'                 ,,'mm',Z
MM,AT,1, 240,1,1,,'Materialkennung'                  ,,'',T
C
ZA,DA,1
DA,'SHT-1',1250,250,1.00,0,0.00,0,0,2,2,4,0,0,100,92,0,0,2,
*  10,1,-1,1250,250,'St37-10'
C
ENDE_SHEET_TECH
C
BEGIN_SHEET_LOAD
C
ZA,MM,20
MM,AT,1,  10,1,1,,'Tabellenidentifikator'            ,,'',T
MM,AT,1,  20,1,1,,'Beladeposition X'                 ,,'mm',Z
MM,AT,1,  30,1,1,,'Beladeposition Y'                 ,,'mm',Z
MM,AT,1,  40,1,1,,'Vorschub zur Beladeposition'      ,,'m/min',Z
MM,AT,1,  50,1,1,,'Verrechnung Multitoolversatz'     ,,'Bool',Z
MM,AT,1,  60,1,1,,'Trigger Material beladen UB'      ,,'',Z
MM,AT,1,  70,1,1,,'TRUMPF-Kennung'                   ,,'',Z
MM,AT,1, 500,1,1,,'Beladegeraet'                     ,,'',Z
MM,AT,1, 510,1,1,,'Lift Offset x Beladestapel'       ,,'mm',Z
MM,AT,1, 520,1,1,,'Lift Saugergruppe 1'              ,,'',Z
MM,AT,1, 530,1,1,,'Lift Saugergruppe 2'              ,,'',Z
MM,AT,1, 540,1,1,,'Lift Saugergruppe 3'              ,,'',Z
MM,AT,1, 550,1,1,,'Lift Saugergruppe 4'              ,,'',Z
MM,AT,1, 560,1,1,,'Lift Saugergruppe 5'              ,,'',Z
MM,AT,1, 570,1,1,,'Lift Drehpunktsauger'             ,,'',Z
MM,AT,1, 580,1,1,,'Lift Doppelblechdet aktiv'        ,,'Bool',Z
MM,AT,1, 590,1,1,,'Lift abschaelen'                  ,,'Bool',Z
MM,AT,1, 600,1,1,,'Lift Geschwindigkeit'             ,,'%',Z
MM,AT,1, 610,1,1,,'Lift Beschleunigung'              ,,'%',Z
MM,AT,1, 710,1,1,,'Anschlagstift'                    ,,'',Z
C
ZA,DA,1
DA,'SHL-1',215.000,140.010,108.167,0,0,1,1,0.00,0,0,0,0,0,0,
*  0,0,0.00,0.00,1
C
ENDE_SHEET_LOAD
C
BEGIN_SHEET_UNLOAD
C
ZA,MM,68
MM,AT,1,  10,1,1,,'Tabellenidentifikator'            ,,'',T
MM,AT,1,  20,1,1,,'Entladeposition X'                ,,'mm',Z
MM,AT,1,  30,1,1,,'Entladeposition Y'                ,,'mm',Z
MM,AT,1,  40,1,1,,'Vorschub zur Entladeposition'     ,,'m/min',Z
MM,AT,1,  50,1,1,,'Verrechnung Multitoolversatz'     ,,'Bool',Z
MM,AT,1,  60,1,1,,'Trigger Material entladen UB'     ,,'',Z
MM,AT,1,  70,1,1,,'TRUMPF-Kennung'                   ,,'',Z
MM,AT,1, 200,1,1,,'Huellgemetrie X'                  ,,'mm',Z
MM,AT,1, 210,1,1,,'Huellgemetrie Y'                  ,,'mm',Z
MM,AT,1, 220,1,1,,'Offset X'                         ,,'mm',Z
MM,AT,1, 230,1,1,,'Schiebeweg zurueckfahren'         ,,'Bool',Z
MM,AT,1, 240,1,1,,'Ausschiebeweg X'                  ,,'mm',Z
MM,AT,1, 250,1,1,,'Ausschiebeweg Y'                  ,,'mm',Z
MM,AT,1, 260,1,1,,'Ausschiebevorschub'               ,,'m/min',Z
MM,AT,1, 270,1,1,,'mit Lichtschrankenueberwachung'   ,,'Bool',Z
MM,AT,1, 280,1,1,,'mit Blasluftunterstuetzung'       ,,'Bool',Z
MM,AT,1, 290,1,1,,'mit definierter Klappe'           ,,'',Z
MM,AT,1, 300,1,1,,'Klappe auf (0)/ zu (1)'           ,,'',Z
MM,AT,1, 310,1,1,,'HOELA fahren nach Trennen'        ,,'Bool',Z
MM,AT,1, 500,1,1,,'Pratzen alle'                     ,,'Bool',Z
MM,AT,1, 510,1,1,,'Pratze 1'                         ,,'Bool',Z
MM,AT,1, 520,1,1,,'Pratze 2'                         ,,'Bool',Z
MM,AT,1, 530,1,1,,'Pratze 3'                         ,,'Bool',Z
MM,AT,1, 540,1,1,,'Pratze 4'                         ,,'Bool',Z
MM,AT,1, 550,1,1,,'Pratze 5'                         ,,'Bool',Z
MM,AT,1, 560,1,1,,'Pratze 6'                         ,,'Bool',Z
MM,AT,1, 570,1,1,,'Kuebel Ablageort'                 ,,'',Z
MM,AT,1, 580,1,1,,'Entladegeraet'                    ,,'',Z
MM,AT,1, 590,1,1,,'LIFT_ENTNAHMEPOS'                 ,,'mm',Z
MM,AT,1, 600,1,1,,'LIFT_ABLEGEORT'                   ,,'',Z
MM,AT,1, 610,1,1,,'LIFT_OFFSET_IN_X'                 ,,'mm',Z
MM,AT,1, 620,1,1,,'SORT_OFFSET_IN_Y'                 ,,'mm',Z
MM,AT,1, 630,1,1,,'LIFT_MATERIALDICKE_ABLEGEN'       ,,'mm',Z
MM,AT,1, 640,1,1,,'LIFT_SAUGERGRUPPE_1'              ,,'',Z
MM,AT,1, 650,1,1,,'LIFT_SAUGERGRUPPE_2'              ,,'',Z
MM,AT,1, 660,1,1,,'LIFT_SAUGERGRUPPE_3'              ,,'',Z
MM,AT,1, 670,1,1,,'LIFT_SAUGERGRUPPE_4'              ,,'',Z
MM,AT,1, 680,1,1,,'LIFT_SAUGERGRUPPE_5'              ,,'',Z
MM,AT,1, 690,1,1,,'LIFT_GESCHW_LIFT'                 ,,'%',Z
MM,AT,1, 700,1,1,,'LIFT_BESCHL_LIFT'                 ,,'%',Z
MM,AT,1, 710,1,1,,'LIFT_GESCHW_SORT'                 ,,'%',Z
MM,AT,1, 720,1,1,,'LIFT_BESCHL_SORT'                 ,,'%',Z
MM,AT,1, 730,1,1,,'LZYKL_T_ABLEGEN'                  ,,'Bool',Z
MM,AT,1, 740,1,1,,'LZYKL_T_AUS_PRATZEN_ENTL_ABL'     ,,'Bool',Z
MM,AT,1, 750,1,1,,'LZYKL_T_VON_OBEN_ABWERFEN'        ,,'Bool',Z
MM,AT,1, 760,1,1,,'LZYKL_T_AUS_H_BL_ST_VOLL_ABWRF'   ,,'Bool',Z
MM,AT,1, 770,1,1,,'LZYKL_T_V_OB_UNTER_LI_TI_ABWRF'   ,,'Bool',Z
MM,AT,1, 820,1,1,,'Zurueckfahren nach Ausschieben'   ,,'Bool',T
MM,AT,1,1000,1,1,,'Wurzeltabelle'                    ,,'',T
MM,AT,1,1010,1,1,,'Aussenkonturdatei'                ,,'',T
MM,AT,1,1020,1,1,,'Stapelgut'                        ,,'',Z
MM,AT,1,1030,1,1,,'Zeichnungsnummer'                 ,,'',T
MM,AT,1,1040,1,1,,'Vorg Ablegehoehe'                 ,,'mm',Z
MM,AT,1,1050,1,1,,'Vorg Ablegeart'                   ,,'',Z
MM,AT,1,1060,1,1,,'Vorg Ensorgegeraet'               ,,'',Z
MM,AT,1,1070,1,1,,'umschreibendes Rechteck x'        ,,'mm',Z
MM,AT,1,1080,1,1,,'umschreibendes Rechteck y'        ,,'mm',Z
MM,AT,1,1090,1,1,,'Vorg Stapeldicke'                 ,,'mm',Z
MM,AT,1,1100,1,1,,'Vorg Stapelhoehe max'             ,,'mm',Z
MM,AT,1,1110,1,1,,'Vorg Messteilfrequenz'            ,,'',Z
MM,AT,1,1120,1,1,,'Vorg Stueckzahl pro Stapel'       ,,'',Z
MM,AT,1,1130,1,1,,'Vorg Palettenoffset x'            ,,'mm',Z
MM,AT,1,1140,1,1,,'Vorg Palettenoffset y'            ,,'mm',Z
MM,AT,1,1150,1,1,,'Vorg Entsorgeeinheit Nr'          ,,'',Z
MM,AT,1,1160,1,1,,'Offset x Saugerrahmen Teil'       ,,'mm',Z
MM,AT,1,1170,1,1,,'Offset y Saugerrahmen Teil'       ,,'mm',Z
MM,AT,1,1180,1,1,,'Zeichnungsname'                   ,,'',T
MM,AT,1,1190,1,1,,'ZeichnungsFileName'               ,,'',T
C
ZA,DA,1
DA,'SHU-1',215.000,140.010,108.167,0,0,1,0.0,0.0,0.0,1,
*  0.000,0.000,0.000,0,0,0,0,0,1,0,0,0,0,0,0,0,1,0.000,0,
*  0.000,0.000,0.000,0,0,0,0,0,0.00,0.00,50.00,50.00,0,0,0,
*  0,0,1,' ',' ',0,'',0,0,0,0,0,0,0,0,0,0,0,0,0,0,'',''
C
ENDE_SHEET_UNLOAD
C
BEGIN_PART_UNLOAD
C
ZA,MM,66
MM,AT,1,  10,1,1,,'Tabellenidentifikator'            ,,'',T
MM,AT,1,  20,1,1,,'Huellgemetrie X'                  ,,'mm',Z
MM,AT,1,  30,1,1,,'Huellgemetrie Y'                  ,,'mm',Z
MM,AT,1,  40,1,1,,'Offset X'                         ,,'mm',Z
MM,AT,1,  50,1,1,,'Ausschiebeweg X'                  ,,'mm',Z
MM,AT,1,  60,1,1,,'Ausschiebeweg Y'                  ,,'mm',Z
MM,AT,1,  70,1,1,,'Ausschiebevorschub'               ,,'m/min',Z
MM,AT,1,  80,1,1,,'mit Lichtschrankenueberwachung'   ,,'Bool',Z
MM,AT,1,  90,1,1,,'mit Blasluftunterstuetzung'       ,,'Bool',Z
MM,AT,1, 100,1,1,,'mit Ausdrueckzylinder'            ,,'Bool',Z
MM,AT,1, 110,1,1,,'mit definierter Klappe'           ,,'',Z
MM,AT,1, 120,1,1,,'Klappe auf (0)/ zu (1)'           ,,'',Z
MM,AT,1, 130,1,1,,'Handentsorgung'                   ,,'Bool',Z
MM,AT,1, 140,1,1,,'WST im Restgitter'                ,,'Bool',Z
MM,AT,1, 150,1,1,,'Trennen vor Oeffenen'             ,,'Bool',Z
MM,AT,1, 160,1,1,,'Senken vor Schwenken'             ,,'Bool',Z
MM,AT,1, 170,1,1,,'Ausschieben vor Oeffnen'          ,,'Bool',Z
MM,AT,1, 180,1,1,,'HOELA fahren nach Trennen'        ,,'Bool',Z
MM,AT,1, 200,1,1,,'Multitoolv. Zurueck nach Auss.'   ,,'Bool',Z
MM,AT,1, 210,1,1,,'TRUMPF-Kennung'                   ,,'',Z
MM,AT,1, 570,1,1,,'Kuebel Ablageort'                 ,,'',Z
MM,AT,1, 580,1,1,,'Entladegeraet'                    ,,'',Z
MM,AT,1, 590,1,1,,'LIFT_ENTNAHMEPOS'                 ,,'mm',Z
MM,AT,1, 600,1,1,,'LIFT_ABLEGEORT'                   ,,'',Z
MM,AT,1, 610,1,1,,'LIFT_OFFSET_IN_X'                 ,,'mm',Z
MM,AT,1, 620,1,1,,'SORT_OFFSET_IN_Y'                 ,,'mm',Z
MM,AT,1, 630,1,1,,'LIFT_MATERIALDICKE_ABLEGEN'       ,,'mm',Z
MM,AT,1, 640,1,1,,'LIFT_SAUGERGRUPPE_1'              ,,'',Z
MM,AT,1, 650,1,1,,'LIFT_SAUGERGRUPPE_2'              ,,'',Z
MM,AT,1, 660,1,1,,'LIFT_SAUGERGRUPPE_3'              ,,'',Z
MM,AT,1, 670,1,1,,'LIFT_SAUGERGRUPPE_4'              ,,'',Z
MM,AT,1, 680,1,1,,'LIFT_SAUGERGRUPPE_5'              ,,'',Z
MM,AT,1, 690,1,1,,'LIFT_GESCHW_LIFT'                 ,,'%',Z
MM,AT,1, 700,1,1,,'LIFT_BESCHL_LIFT'                 ,,'%',Z
MM,AT,1, 710,1,1,,'LIFT_GESCHW_SORT'                 ,,'%',Z
MM,AT,1, 720,1,1,,'LIFT_BESCHL_SORT'                 ,,'%',Z
MM,AT,1, 740,1,1,,'LZYKL_T_UNTER_WZGAUFN_ENTN'       ,,'Bool',Z
MM,AT,1, 750,1,1,,'LZYKL_T_VON_OBEN_ABWERFEN'        ,,'Bool',Z
MM,AT,1, 760,1,1,,'LZYKL_T_AUS_H_BL_ST_VOLL_ABWRF'   ,,'Bool',Z
MM,AT,1, 770,1,1,,'LZYKL_T_AUSGESCHOBEN_ENTN'        ,,'Bool',Z
MM,AT,1, 780,1,1,,'LZYKL_T_ABLEGEN'                  ,,'Bool',Z
MM,AT,1, 790,1,1,,'LZYKL_T_UNTER_MASCHINENTISCH'     ,,'Bool',Z
MM,AT,1, 800,1,1,,'LZYKL_TRENNHUB_EIN_MIT_VAKUUM'    ,,'Bool',Z
MM,AT,1, 810,1,1,,'Spaeneklappe geschlossen'         ,,'Bool',Z
MM,AT,1, 820,1,1,,'Zurueckfahren nach Ausschieben'   ,,'Bool',Z
MM,AT,1, 830,1,1,,'Auswahl Handentnahmeart'          ,,'',Z
MM,AT,1,1000,1,1,,'Wurzeltabelle'                    ,,'',Z
MM,AT,1,1010,1,1,,'Aussenkonturdatei'                ,,'',Z
MM,AT,1,1020,1,1,,'Stapelgut'                        ,,'',Z
MM,AT,1,1030,1,1,,'Zeichnungsnummer'                 ,,'',T
MM,AT,1,1040,1,1,,'Vorg Ablegehoehe'                 ,,'mm',Z
MM,AT,1,1050,1,1,,'Vorg Ablegeart'                   ,,'',Z
MM,AT,1,1060,1,1,,'Vorg Ensorgegeraet'               ,,'',Z
MM,AT,1,1070,1,1,,'umschreibendes Rechteck x'        ,,'mm',Z
MM,AT,1,1080,1,1,,'umschreibendes Rechteck y'        ,,'mm',Z
MM,AT,1,1090,1,1,,'Vorg Stapeldicke'                 ,,'mm',Z
MM,AT,1,1100,1,1,,'Vorg Stapelhoehe max'             ,,'mm',Z
MM,AT,1,1110,1,1,,'Vorg Messteilfrequenz'            ,,'',Z
MM,AT,1,1120,1,1,,'Vorg Stueckzahl pro Stapel'       ,,'',Z
MM,AT,1,1130,1,1,,'Vorg Palettenoffset x'            ,,'mm',Z
MM,AT,1,1140,1,1,,'Vorg Palettenoffset y'            ,,'mm',Z
MM,AT,1,1150,1,1,,'Vorg Entsorgeeinheit Nr'          ,,'',Z
MM,AT,1,1160,1,1,,'Offset x Saugerrahmen Teil'       ,,'mm',Z
MM,AT,1,1170,1,1,,'Offset y Saugerrahmen Teil'       ,,'mm',Z
MM,AT,1,1180,1,1,,'Zeichnungsname'                   ,,'',T
MM,AT,1,1190,1,1,,'ZeichnungsFileName'               ,,'',T
C
ZA,DA,1
DA,'PAU-1',0.0,0.0,0.0,0.000,0.000,0.000,0,0,0,0,1,1,1,0,0,
*  0,1,1,1,1,1,0.000,0,0.000,0.000,0.000,0,0,0,0,0,0.00,
*  0.00,50.00,50.00,0,0,0,0,0,0,0,0,1,1,' ',' ',0,'',0,0,0,
*  0,0,0,0,0,0,0,0,0,0,0,'',''
C
ENDE_PART_UNLOAD
C
BEGIN_WZG_STAMM
C
ZA,MM,39
MM,AT,1,  10,1,1,,'Maschine'                         ,,'',T
MM,AT,1,  20,1,1,,'Identnummer'                      ,,'',T
MM,AT,1,  30,1,1,,'Duplonummer'                      ,,'',Z
MM,AT,1,  40,1,1,,'Stempelnummer'                    ,,'',Z
MM,AT,1,  50,1,1,,'Magazinplatz'                     ,,'',Z
MM,AT,1,  60,1,1,,'Werkzeugort'                      ,,'',Z
MM,AT,1,  70,1,1,,'Index'                            ,,'',Z
MM,AT,1,  80,1,1,,'Werkzeugtyp'                      ,,'',Z
MM,AT,1,  90,1,1,,'Whispertool'                      ,,'',Z
MM,AT,1, 100,1,1,,'Multitool'                        ,,'',Z
MM,AT,1, 110,1,1,,'Sperrkennung'                     ,,'',Z
MM,AT,1, 120,1,1,,'Prioritaet'                       ,,'',Z
MM,AT,1, 130,1,1,,'Bemerkung'                        ,,'',T
MM,AT,1, 140,1,1,,'GEWIRO-Umdrehung'                 ,,'1/min',Z
MM,AT,1, 150,1,1,,'GEWIRO-rechts-links'              ,,'',Z
MM,AT,1, 160,1,1,,'Rotation'                         ,,'',Z
MM,AT,1, 170,1,1,,'Einbauwinkellage'                 ,,'',Z
MM,AT,1, 180,1,1,,'Werkzeugmass 1'                   ,,'mm',Z
MM,AT,1, 190,1,1,,'Werkzeugmass 2'                   ,,'mm',Z
MM,AT,1, 200,1,1,,'Werkzeugmass 3'                   ,,'mm',Z
MM,AT,1, 210,1,1,,'Werkzeugmass 4'                   ,,'mm',Z
MM,AT,1, 220,1,1,,'Werkzeugmass 5'                   ,,'mm',Z
MM,AT,1, 230,1,1,,'Werkzeugmass 6'                   ,,'mm',Z
MM,AT,1, 240,1,1,,'Vorschub min'                     ,,'m/min',Z
MM,AT,1, 250,1,1,,'Vorschub max'                     ,,'m/min',Z
MM,AT,1, 260,1,1,,'Vorschub res'                     ,,'m/min',Z
MM,AT,1, 270,1,1,,'Hubzahl min'                      ,,'',Z
MM,AT,1, 280,1,1,,'Hubzahl max'                      ,,'',Z
MM,AT,1, 290,1,1,,'Hubzahl ist'                      ,,'',Z
MM,AT,1, 300,1,1,,'Zeichnungsname'                   ,,'',T
MM,AT,1, 310,1,1,,'Niederhaltertyp'                  ,,'',Z
MM,AT,1, 320,1,1,,'OT-Lage Blechdicke 0.0'           ,,'mm',Z
MM,AT,1, 330,1,1,,'TRUMPF-Kennung'                   ,,'',Z
MM,AT,1, 340,1,1,,'Blechdicke'                       ,,'mm',Z
MM,AT,1, 350,1,1,,'Blechdickentoleranz'              ,,'mm',Z
MM,AT,1, 360,1,1,,'Nachschleiflaenge'                ,,'mm',Z
MM,AT,1, 370,1,1,,'Langes Werkzeug'                  ,,'mm',Z
MM,AT,1, 380,1,1,,'MT-Nullpunktversatz-X'            ,,'mm',Z
MM,AT,1, 390,1,1,,'MT-Nullpunktversatz-Y'            ,,'mm',Z
C
ZA,DA,1
DA,'','04560051',0,1,1,0,0,4,1,1,0,0,'Rechteck 56x5',0.00,0,
*  0,0.000,56.000,5.000,0.000,0.000,0.000,0.000,0.000,0.000,
*  0.000,0.0,0.0,0.0,'rechteck.wzg',0,0.000,1,0,0,0,0,0.0,
*  0.0
C
ENDE_WZG_STAMM
C
BEGIN_WZG_CALLS
C
ZA,MM,2
MM,AT,1,  10,1,1,,'Werkzeugidentnummer'              ,,'',T
MM,AT,1,  20,1,1,,'Werkzeugaufrufnummer'             ,,'',Z
C
ZA,DA,1
DA,'04560051',1
C
ENDE_WZG_CALLS
C
BEGIN_PROGRAMM
C
ZA,MM,4
MM,AT,1,  10,1,1,,'Programmnummer'                   ,,'',T
MM,AT,1,  20,1,1,,'Programmtyp'                      ,,'',T
MM,AT,1,  30,1,1,,'Bemerkung'                        ,,'',T
MM,AT,1,  40,1,1,,'Bearbeitungszeit'                 ,,'min',Z
C
ZA,DA,1
DA,'254','HP','GTA',
START_TEXT
N10MSG("MAIN PROGRAMME NUMBER,P254" )
N20MSG("DIMENSIONS OF SHEET: 1.00 X 1250 X 250 ")
N30MSG("MATERIAL ID: ST37-10 ")
N40;(V:3.03#B:311.0#D:19991108#P:TOPS300_EXE)
N50;(V:3.7#B:254.0#D:19991220#P:TOPS300_ACCESS20)
N60;(FILE NAME:C:\USERPROGRAMS\TEST4.LST)
N70;(TRANSFERNAME:P254.LST PROGRAMME RUNS:1)
N80;(MACHINE:TC2000 TYPE:1)
N90;(CONTROL:BO TYP3 VERSION:1)
N100MSG(" *** RECHTECK 56X5--56.00--5.00 *** ")
N110TRAILON(C2,C1)
N120G71
N130G01F108167
N140TC_POS_ACCEL(12.0,5.5,11.5,3.6)
N150TC_CLAMP_CYC
N160MSG("ZERO POINT 0 0" )
N170MSG("LOAD SHEET ")
N180TC_SHEET_TECH("SHT-1")
N190;TC_TECHNO_MODE(1)
N200;GOTOF ENTRY_PUNCH
N210TC_SHEET_LOAD("SHL-1")
N220;ENTRY_PUNCH:
N230MSG("WZG RECTANGLE,X=56.00,Y=5.00")
N240TC_TOOL_NO ("04560051")
N250TC_TOOL_CHANGE
N260TC_SUCTION_ON
N270TC_TOOL_TECH("PTT-1")
N280PRESSERFOOT_ON
N290PUNCH_ON
N300X27Y195C1=DC(90)
N310X35Y195
N320X43Y195
N330X51Y195
N340X59Y195
N350X67Y195
N360X75Y195
N370X83Y195
N380X91Y195
N390X99Y195
N400X107Y195
N410X115Y195
N420X123Y195
N430X131Y195
N440X139Y195
N450X147Y195
N460X155Y195
N470X163Y195
N480X171Y195
N490X179Y195
N500X187Y195
N510X195Y195
N520X203Y195
N530PUNCH_OFF
N540PRESSERFOOT_OFF
N550X12.5Y180C1=DC(90)
N560NIBBLE_ON
N570SPP=54
N580Y210
N590NIBBLE_OFF
N600X40Y237.5C1=DC(180)
N610NIBBLE_ON
N620SPP=54
N630X190
N640NIBBLE_OFF
N650X217.5Y210C1=DC(270)
N660NIBBLE_ON
N670SPP=54
N680Y180
N690NIBBLE_OFF
N700X190Y152.5C1=DC(180)
N710NIBBLE_ON
N720SPP=54
N730X93
N740NIBBLE_OFF
N750X40Y152.5C1=DC(180)
N760TC_PART_UNLOAD("PAU-1")
N770TC_SUCTION_OFF
N780TC_SHEET_UNLOAD("SHU-1")
N790M30
STOP_TEXT
ENDE_PROGRAMM
ED


